// Jest Snapshot v1, https://goo.gl/fbAQLP

exports[`test render AddExpensePage 1`] = `
<div>
  <h1>
    Add Expense
  </h1>
  <ExpenseForm
    isAddOrEdit="Add"
    onSubmit={[Function]}
  />
</div>
`;
